// Jest Snapshot v1, https://goo.gl/fbAQLP

exports[`renders correctly 1`] = `
<View
  style={
    Object {
      "alignItems": "center",
      "backgroundColor": "#F5FCFF",
      "flex": 1,
      "justifyContent": "center",
    }
  }
>
  <Text
    accessible={true}
    allowFontScaling={true}
    ellipsizeMode="tail"
    style={
      Object {
        "fontSize": 20,
        "margin": 10,
        "textAlign": "center",
      }
    }
  >
    Welcome to React Native!
  </Text>
  <Text
    accessible={true}
    allowFontScaling={true}
    ellipsizeMode="tail"
    style={
      Object {
        "color": "#333333",
        "marginBottom": 5,
        "textAlign": "center",
      }
    }
  >
    To get started, edit App.js
  </Text>
  <Text
    accessible={true}
    allowFontScaling={true}
    ellipsizeMode="tail"
    style={
      Object {
        "color": "#333333",
        "marginBottom": 5,
        "textAlign": "center",
      }
    }
  >
    Press Cmd+R to reload,
Cmd+D or shake for dev menu
  </Text>
  <View
    style={
      Object {
        "alignItems": "center",
        "alignSelf": "center",
      }
    }
  >
    <Text
      accessible={true}
      allowFontScaling={true}
      ellipsizeMode="tail"
      style={
        Object {
          "color": "#999",
          "fontWeight": "bold",
        }
      }
    >
      Hello
       
      bob!
    </Text>
    <View
      style={
        Object {
          "flexDirection": "row",
        }
      }
    >
      <View
        style={
          Object {
            "flex": 1,
            "paddingVertical": 0,
          }
        }
      >
        <View
          accessibilityComponentType="button"
          accessibilityLabel="decrement"
          accessibilityTraits={
            Array [
              "button",
            ]
          }
          accessible={true}
          collapsable={undefined}
          hasTVPreferredFocus={undefined}
          hitSlop={undefined}
          isTVSelectable={true}
          nativeID={undefined}
          onLayout={undefined}
          onResponderGrant={[Function]}
          onResponderMove={[Function]}
          onResponderRelease={[Function]}
          onResponderTerminate={[Function]}
          onResponderTerminationRequest={[Function]}
          onStartShouldSetResponder={[Function]}
          style={
            Object {
              "opacity": 1,
            }
          }
          testID={undefined}
          tvParallaxProperties={undefined}
        >
          <View
            style={
              Array [
                Object {},
              ]
            }
          >
            <Text
              accessible={true}
              allowFontScaling={true}
              disabled={undefined}
              ellipsizeMode="tail"
              style={
                Array [
                  Object {
                    "color": "#007AFF",
                    "fontSize": 18,
                    "padding": 8,
                    "textAlign": "center",
                  },
                ]
              }
            >
              -
            </Text>
          </View>
        </View>
      </View>
      <View
        style={
          Object {
            "flex": 1,
            "paddingVertical": 0,
          }
        }
      >
        <View
          accessibilityComponentType="button"
          accessibilityLabel="increment"
          accessibilityTraits={
            Array [
              "button",
            ]
          }
          accessible={true}
          collapsable={undefined}
          hasTVPreferredFocus={undefined}
          hitSlop={undefined}
          isTVSelectable={true}
          nativeID={undefined}
          onLayout={undefined}
          onResponderGrant={[Function]}
          onResponderMove={[Function]}
          onResponderRelease={[Function]}
          onResponderTerminate={[Function]}
          onResponderTerminationRequest={[Function]}
          onStartShouldSetResponder={[Function]}
          style={
            Object {
              "opacity": 1,
            }
          }
          testID={undefined}
          tvParallaxProperties={undefined}
        >
          <View
            style={
              Array [
                Object {},
              ]
            }
          >
            <Text
              accessible={true}
              allowFontScaling={true}
              disabled={undefined}
              ellipsizeMode="tail"
              style={
                Array [
                  Object {
                    "color": "#007AFF",
                    "fontSize": 18,
                    "padding": 8,
                    "textAlign": "center",
                  },
                ]
              }
            >
              +
            </Text>
          </View>
        </View>
      </View>
    </View>
  </View>
</View>
`;
